# serializer version: 1
# name: test_ClipFieldToBox
  TreeBuilder(
    collapse=False,
    fake_user=False,
    ignore_visibility=False,
    inputs=InputInterfaceContext(
      builder=...,
      interface=bpy.data.node_groups['Geometry Node Group']...NodeTreeInterface,
      tree=bpy.data.node_groups['Geometry Node Group'],
    ),
    nodes=bpy.data.node_groups['Geometry Node Group'].nodes,
    outputs=OutputInterfaceContext(
      builder=...,
      interface=bpy.data.node_groups['Geometry Node Group']...NodeTreeInterface,
      tree=bpy.data.node_groups['Geometry Node Group'],
    ),
    tree=bpy.data.node_groups['Geometry Node Group'],
  )
# ---
