# serializer version: 1
# name: test_ClipFieldToBox
  '''
  ```{mermaid}
  graph LR
      N0("Group Input"):::default-node
      N1("Object Info"):::input-node
      N2("Position"):::input-node
      N3("Invert Matrix"):::converter-node
      N4("Transform Point"):::converter-node
      N5("Vector Math<br/><small>(SCALE)</small><br/><small>×0.5</small>"):::vector-node
      N6("Separate XYZ"):::converter-node
      N7("Math<br/><small>(ABSOLUTE)</small>"):::converter-node
      N8("Math<br/><small>(ABSOLUTE)</small>"):::converter-node
      N9("Compare<br/><small>(LESS_THAN)</small>"):::converter-node
      N10("Compare<br/><small>(LESS_THAN)</small>"):::converter-node
      N11("Math<br/><small>(ABSOLUTE)</small>"):::converter-node
      N12("Boolean Math<br/><small>(AND)</small>"):::converter-node
      N13("Compare<br/><small>(LESS_THAN)</small>"):::converter-node
      N14("Boolean Math<br/><small>(AND)</small>"):::converter-node
      N15("Compare<br/><small>(NOT_EQUAL)</small>"):::converter-node
      N16("Group Output"):::default-node
      N0 -->|"Box Object->Object"| N1
      N1 -->|"Transform->Matrix"| N3
      N2 -->|"Position->Vector"| N4
      N3 -->|"Matrix->Transform"| N4
      N4 -->|"Vector->Vector"| N5
      N5 -->|"Vector->Vector"| N6
      N6 -->|"X->Value"| N7
      N7 -->|"Value->A"| N9
      N6 -->|"Y->Value"| N8
      N8 -->|"Value->A"| N10
      N9 -->|"Result->Boolean"| N12
      N10 -->|"Result->Boolean"| N12
      N11 -->|"Value->A"| N13
      N12 -->|"Boolean->Boolean"| N14
      N13 -->|"Result->Boolean"| N14
      N14 -->|"Boolean->A"| N15
      N15 -->|"Result->Clipped Field"| N16
      N0 -->|"Invert->B"| N15
      N6 -->|"Z->Value"| N11
  ```
  '''
# ---
# name: test_bundle_path_filter
  '''
  ```{mermaid}
  graph LR
      N0("Group Input"):::default-node
      N1("Find in String"):::converter-node
      N2("Integer Math<br/><small>(ADD)</small>"):::converter-node
      N3("Slice String"):::converter-node
      N4("Compare<br/><small>(EQUAL)</small>"):::converter-node
      N5("Match String"):::converter-node
      N6("Boolean Math<br/><small>(OR)</small>"):::converter-node
      N7("Switch"):::converter-node
      N8("Group Output"):::default-node
      N0 -->|"Self Path->String"| N1
      N1 -->|"First Found->Value"| N2
      N0 -->|"Self Path->String"| N3
      N2 -->|"Value->Length"| N3
      N3 -->|"String->Key"| N5
      N4 -->|"Result->Boolean"| N6
      N5 -->|"Result->Boolean"| N6
      N6 -->|"Boolean->True"| N7
      N7 -->|"Output->Selected"| N8
      N0 -->|"Other Path->String"| N5
      N0 -->|"Filter Local->Switch"| N7
      N1 -->|"Count->A"| N4
  ```
  '''
# ---
# name: test_import_microscopy_meshes_node_group
  '''
  ```{mermaid}
  graph LR
      N0("Group Input"):::default-node
      N1("Format String"):::converter-node
      N2("String"):::input-node
      N3("String"):::input-node
      N4("Join Strings"):::converter-node
      N5("Join Strings"):::converter-node
      N6("Import OBJ"):::input-node
      N7("Import CSV"):::input-node
      N8("Named Attribute"):::input-node
      N9("For Each Geometry Element Input"):::default-node
      N10("Sample Index"):::geometry-node
      N11("Store Named Attribute"):::default-node
      N12("For Each Geometry Element Output"):::default-node
      N13("Transform Geometry"):::geometry-node
      N14("Switch"):::converter-node
      N15("Group Output"):::default-node
      N0 -->|"template_str->Format"| N1
      N0 -->|"cache_dir->cache_dir"| N1
      N0 -->|"dataset_hash->dataset_hash"| N1
      N0 -->|"scale->scale"| N1
      N0 -->|"resolution->resolution"| N1
      N0 -->|"channel_ix->channel_ix"| N1
      N0 -->|"t->Frame"| N1
      N3 -->|"String->Strings"| N5
      N5 -->|"String->Path"| N7
      N2 -->|"String->Strings"| N4
      N1 -->|"String->Strings"| N4
      N4 -->|"String->Path"| N6
      N6 -->|"Instances->Geometry"| N9
      N7 -->|"Point Cloud->Geometry"| N10
      N8 -->|"Attribute->Value"| N10
      N9 -->|"Index->Index"| N10
      N10 -->|"Value->Value"| N11
      N11 -->|"Geometry->Geometry"| N12
      N12 -->|"Geometry->Geometry"| N13
      N0 -->|"Include->Switch"| N14
      N13 -->|"Geometry->True"| N14
      N14 -->|"Output->Geometry"| N15
      N0 -->|"Channel Affine Matrix->Transform"| N13
      N9 -->|"Element->Geometry"| N11
      N1 -->|"String->Strings"| N5
  ```
  '''
# ---
# name: test_import_microscopy_volume_nodebpy_node_group
  '''
  ```{mermaid}
  graph LR
      N0("Group Input"):::default-node
      N1("Format String"):::converter-node
      N2("Import VDB"):::input-node
      N3("Get Named Grid"):::geometry-node
      N4("Frame"):::default-node
      N5("Map Range<br/><small>(4,4,4)</small>"):::converter-node
      N6("Math<br/><small>(MULTIPLY)</small>"):::converter-node
      N7("Switch"):::converter-node
      N8("Set Grid Transform"):::geometry-node
      N9("Store Named Grid"):::geometry-node
      N10("Switch"):::converter-node
      N11("Switch"):::converter-node
      N12("Group Output"):::default-node
      N0 -->|"template_str->Format"| N1
      N0 -->|"cache_dir->cache_dir"| N1
      N0 -->|"dataset_hash->dataset_has"| N1
      N0 -->|"scale->scale"| N1
      N0 -->|"x->x"| N1
      N0 -->|"y->y"| N1
      N0 -->|"z->z"| N1
      N0 -->|"channel_ix->channel_ix"| N1
      N0 -->|"Frame->t"| N1
      N1 -->|"String->Path"| N2
      N2 -->|"Volume->Volume"| N3
      N3 -->|"Grid->Value"| N5
      N5 -->|"Result->Value"| N6
      N6 -->|"Value->False"| N7
      N5 -->|"Result->True"| N7
      N7 -->|"Output->Grid"| N8
      N8 -->|"Grid->Grid"| N9
      N9 -->|"Volume->True"| N11
      N11 -->|"Output->Volume"| N12
      N8 -->|"Grid->True"| N10
      N0 -->|"Grid Name->Name"| N3
      N0 -->|"Grid Name->Name"| N9
      N0 -->|"Include->Switch"| N10
      N0 -->|"Include->Switch"| N11
      N0 -->|"Normalized->Switch"| N7
      N0 -->|"VDB Minimum->From Min"| N5
      N0 -->|"VDB Maximum->From Max"| N5
      N0 -->|"Original Maximum->Value"| N6
      N0 -->|"Channel Affine Matrix->Transform"| N8
      N2 -->|"Volume->Volume"| N9
      N10 -->|"Output->Grid"| N12
  ```
  '''
# ---
